// Jest Snapshot v1, https://goo.gl/fbAQLP

exports[`template snapshot 1`] = `
<h3
  class="my-3"
>
  
</h3>
`;
