// Jest Snapshot v1, https://goo.gl/fbAQLP

exports[`template snapshot 1`] = `
<div
  class="v-card v-sheet theme--light"
>
  <div
    class="v-card__title headline"
  >
    
    アカウントを削除しますか？
  
  </div>
   
  <div
    class="v-card__text"
  >
    この操作は取り消すことができません。
  </div>
   
  <div
    class="v-card__actions"
  >
    <div
      class="spacer"
    />
     
    <button
      class="v-btn v-btn--flat v-btn--text theme--light v-size--default green--text text--darken-1"
      type="button"
    >
      <span
        class="v-btn__content"
      >
        
      キャンセル
    
      </span>
    </button>
     
    <button
      class="v-btn v-btn--flat v-btn--text theme--light v-size--default green--text text--darken-1"
      type="button"
    >
      <span
        class="v-btn__content"
      >
        
      OK
    
      </span>
    </button>
  </div>
</div>
`;
