// Jest Snapshot v1, https://goo.gl/fbAQLP

exports[`template snapshot 1`] = `
<button
  class="my-3 v-btn v-btn--contained theme--light v-size--default"
  style="width: 250px;"
  type="button"
>
  <span
    class="v-btn__content"
  >
    <i
      aria-hidden="true"
      class="v-icon notranslate v-icon--left mdi mdi-logout theme--light"
    />
    
  ログアウト

  </span>
</button>
`;
