// Jest Snapshot v1, https://goo.gl/fbAQLP

exports[`template snapshot 1`] = `
<v-avatar-stub
  height="150px"
  size="48"
  width="150px"
>
  <v-img-stub
    options="[object Object]"
    position="center center"
    src=""
    transition="fade-transition"
  />
</v-avatar-stub>
`;
