// Jest Snapshot v1, https://goo.gl/fbAQLP

exports[`template snapshot 1`] = `
<v-col-stub
  class="text-center"
  tag="div"
>
  <profile-actions-items-image-stub
    user="[object Object]"
  />
   
  <profile-actions-items-name-stub
    user="[object Object]"
  />
</v-col-stub>
`;
