// Jest Snapshot v1, https://goo.gl/fbAQLP

exports[`template snapshot 1`] = `
<div
  class="v-dialog__container"
  role="dialog"
>
  <div />
</div>
`;
