// Jest Snapshot v1, https://goo.gl/fbAQLP

exports[`template snapshot 1`] = `
<button
  class="mx-2 v-btn v-btn--contained theme--light v-size--default"
  type="button"
>
  <span
    class="v-btn__content"
  >
    <i
      aria-hidden="true"
      class="v-icon notranslate mdi mdi-crosshairs-gps theme--light"
    />
  </span>
</button>
`;
