// Jest Snapshot v1, https://goo.gl/fbAQLP

exports[`template snapshot 1`] = `
<button
  class="mx-2 v-btn v-btn--contained theme--light v-size--default"
  type="button"
>
  <span
    class="v-btn__content"
  >
    
  このエリアを検索

  </span>
</button>
`;
