// Jest Snapshot v1, https://goo.gl/fbAQLP

exports[`template snapshot 1`] = `
<v-avatar-stub
  class="white--text headline"
  color="success"
  size="36"
>
  <img
    alt=""
    src=""
  />
</v-avatar-stub>
`;
