// Jest Snapshot v1, https://goo.gl/fbAQLP

exports[`template snapshot 1`] = `
<div
  class="v-list-item v-list-item--link theme--light"
  tabindex="0"
>
  <div
    class="v-avatar v-list-item__avatar"
    style="height: 40px; min-width: 40px; width: 40px;"
  >
    <i
      aria-hidden="true"
      btn=""
      class="v-icon notranslate mdi mdi-logout theme--light"
    />
  </div>
   
  <div
    class="v-list-item__content"
  >
    <div
      class="v-list-item__title"
    >
      ログアウト
    </div>
  </div>
</div>
`;
