// Jest Snapshot v1, https://goo.gl/fbAQLP

exports[`template snapshot 1`] = `
<div>
  <button
    class="v-btn v-btn--flat v-btn--icon v-btn--round theme--light v-size--default"
    type="button"
  >
    <span
      class="v-btn__content"
    >
      
    いいね
  
    </span>
  </button>
</div>
`;
