// Jest Snapshot v1, https://goo.gl/fbAQLP

exports[`template snapshot 1`] = `
<div>
  <div
    class="v-input theme--light v-text-field v-text-field--single-line"
  >
    <div
      class="v-input__prepend-outer"
    >
      <div
        class="v-input__icon v-input__icon--prepend"
      >
        <i
          aria-hidden="true"
          class="v-icon notranslate mdi mdi-magnify theme--light"
        />
      </div>
    </div>
    <div
      class="v-input__control"
    >
      <div
        class="v-input__slot"
      >
        <div
          class="v-text-field__slot"
        >
          <label
            class="v-label theme--light"
            for="input-17"
            style="left: 0px; position: absolute;"
          >
            キーワード検索
          </label>
          <input
            data-test="textsearch"
            id="input-17"
            type="text"
          />
        </div>
      </div>
      <div
        class="v-text-field__details"
      >
        <div
          class="v-messages theme--light"
        >
          <div
            class="v-messages__wrapper"
          />
        </div>
      </div>
    </div>
  </div>
</div>
`;
