// Jest Snapshot v1, https://goo.gl/fbAQLP

exports[`template snapshot 1`] = `
<div>
  <gmap-marker-stub
    animation="4"
    icon="foo"
    name="hoge"
  />
  <gmap-marker-stub
    animation="4"
    icon="bar"
    name="fuga"
  />
</div>
`;
