// Jest Snapshot v1, https://goo.gl/fbAQLP

exports[`template snapshot 1`] = `
<v-card-stub
  loaderheight="4"
  tag="div"
>
  <v-row-stub
    align="center"
    justify="center"
    no-gutter=""
    tag="div"
  >
    <v-col-stub
      tag="div"
    >
      <v-row-stub
        align="center"
        justify="center"
        no-gutter=""
        tag="div"
      >
        <v-col-stub
          cols="12"
          tag="div"
        >
          <sign-container-tabs-stub />
           
          <sign-container-tab-items-stub />
        </v-col-stub>
      </v-row-stub>
    </v-col-stub>
  </v-row-stub>
</v-card-stub>
`;
