// Jest Snapshot v1, https://goo.gl/fbAQLP

exports[`template snapshot 1`] = `
<v-tabs-stub
  activeclass=""
  fixedtabs="true"
  mobilebreakpoint="1264"
  nexticon="$next"
  previcon="$prev"
  slidersize="2"
  value="tab-1"
>
  <v-tab-stub
    href="#tab-1"
    ripple="true"
  >
    <v-icon-stub
      left=""
    >
      mdi-login
    </v-icon-stub>
    
    ログイン
  
  </v-tab-stub>
   
  <v-tab-stub
    href="#tab-2"
    ripple="true"
  >
    <v-icon-stub
      left=""
    >
      mdi-account-plus
    </v-icon-stub>
    
    新規登録
  
  </v-tab-stub>
</v-tabs-stub>
`;
