// Jest Snapshot v1, https://goo.gl/fbAQLP

exports[`CustomCard.vue should have a custom title and match snapshot 1`] = `
<div class="v-card v-sheet theme--light" title="Foobar">
  <div class="v-card__title"><span></span>
    <div class="spacer"></div> <button><span></span></button>
  </div>
  <div class="v-card__text"></div>
</div>
`;
